/Users/marcuspoulsen/MarcusPoulsen.github.io/test_price.py:22: FutureWarning: In a future version of pandas, parsing datetimes with mixed time zones will raise an error unless `utc=True`. Please specify `utc=True` to opt in to the new behaviour and silence this warning. To create a `Series` with mixed offsets and `object` dtype, please use `apply` and `datetime.datetime.strptime`
  df['time_start'] = pd.to_datetime(df['time_start'])

----------------------------------------------------------------------
Ran 0 tests in 0.000s

OK
--- DEBUG: Fetching electricity prices for test ---
Fetching electricity prices from 2025-07-01 to 2026-01-31 for zone DK2...
--- DEBUG: Spot price data range ---
                   time_start  DKK_per_kWh
0   2025-07-01 00:00:00+02:00      0.83019
1   2025-07-01 01:00:00+02:00      0.71096
2   2025-07-01 02:00:00+02:00      0.66478
3   2025-07-01 03:00:00+02:00      0.65702
4   2025-07-01 04:00:00+02:00      0.67157
5   2025-07-01 05:00:00+02:00      0.71999
6   2025-07-01 06:00:00+02:00      0.84235
7   2025-07-01 07:00:00+02:00      0.89607
8   2025-07-01 08:00:00+02:00      0.85593
9   2025-07-01 09:00:00+02:00      0.68030
10  2025-07-01 10:00:00+02:00      0.62904
11  2025-07-01 11:00:00+02:00      0.51899
12  2025-07-01 12:00:00+02:00      0.33224
13  2025-07-01 13:00:00+02:00      0.31687
14  2025-07-01 14:00:00+02:00      0.43013
15  2025-07-01 15:00:00+02:00      0.58301
16  2025-07-01 16:00:00+02:00      0.67746
17  2025-07-01 17:00:00+02:00      0.76125
18  2025-07-01 18:00:00+02:00      1.13468
19  2025-07-01 19:00:00+02:00      2.29256
                     time_start  DKK_per_kWh
5141  2026-01-31 04:00:00+01:00      0.58998
5142  2026-01-31 05:00:00+01:00      0.55526
5143  2026-01-31 06:00:00+01:00      0.55616
5144  2026-01-31 07:00:00+01:00      0.60567
5145  2026-01-31 08:00:00+01:00      0.71738
5146  2026-01-31 09:00:00+01:00      0.78010
5147  2026-01-31 10:00:00+01:00      0.82550
5148  2026-01-31 11:00:00+01:00      0.82438
5149  2026-01-31 12:00:00+01:00      0.80071
5150  2026-01-31 13:00:00+01:00      0.78353
5151  2026-01-31 14:00:00+01:00      0.79108
5152  2026-01-31 15:00:00+01:00      0.82767
5153  2026-01-31 16:00:00+01:00      0.86172
5154  2026-01-31 17:00:00+01:00      0.95662
5155  2026-01-31 18:00:00+01:00      0.97186
5156  2026-01-31 19:00:00+01:00      0.91040
5157  2026-01-31 20:00:00+01:00      0.81729
5158  2026-01-31 21:00:00+01:00      0.76307
5159  2026-01-31 22:00:00+01:00      0.71730
5160  2026-01-31 23:00:00+01:00      0.66160
